[I 260315 10:49 utils:64] Model Name: ImmuScope
[I 260315 10:49 main_immunogenicity_train:20] Start training model weights/IM/ImmuScope-0.pt
[I 260315 10:49 trainer_immunogenicity:84] ==== Model loaded from weights/EL/ImmuScope-EL-0-fine-tune-b.pt ====
[I 260315 10:49 trainer_immunogenicity:113] Epoch: 0 - Loss: IMM 0.29051  - Valid-AUC:0.7590  -- Test: [AUC-Group: 0.7172 - AUC-All: 0.7577]
[I 260315 10:50 trainer_immunogenicity:113] Epoch: 1 - Loss: IMM 0.24431  - Valid-AUC:0.7893  -- Test: [AUC-Group: 0.7473 - AUC-All: 0.7858]
[I 260315 10:50 trainer_immunogenicity:113] Epoch: 2 - Loss: IMM 0.23707  - Valid-AUC:0.7997  -- Test: [AUC-Group: 0.7645 - AUC-All: 0.7976]
[I 260315 10:50 trainer_immunogenicity:113] Epoch: 3 - Loss: IMM 0.23220  - Valid-AUC:0.8079  -- Test: [AUC-Group: 0.7755 - AUC-All: 0.8063]
[I 260315 10:50 trainer_immunogenicity:113] Epoch: 4 - Loss: IMM 0.22829  - Valid-AUC:0.8152  -- Test: [AUC-Group: 0.7846 - AUC-All: 0.8135]
[I 260315 10:50 trainer_immunogenicity:113] Epoch: 5 - Loss: IMM 0.22405  - Valid-AUC:0.8201  -- Test: [AUC-Group: 0.7922 - AUC-All: 0.8195]
[I 260315 10:50 trainer_immunogenicity:113] Epoch: 6 - Loss: IMM 0.22226  - Valid-AUC:0.8251  -- Test: [AUC-Group: 0.8002 - AUC-All: 0.8249]
[I 260315 10:51 trainer_immunogenicity:113] Epoch: 7 - Loss: IMM 0.21919  - Valid-AUC:0.8288  -- Test: [AUC-Group: 0.8064 - AUC-All: 0.8294]
[I 260315 10:51 trainer_immunogenicity:113] Epoch: 8 - Loss: IMM 0.21639  - Valid-AUC:0.8322  -- Test: [AUC-Group: 0.8134 - AUC-All: 0.8337]
[I 260315 10:51 trainer_immunogenicity:113] Epoch: 9 - Loss: IMM 0.21363  - Valid-AUC:0.8355  -- Test: [AUC-Group: 0.8198 - AUC-All: 0.8378]
[I 260315 10:51 trainer_immunogenicity:113] Epoch: 10 - Loss: IMM 0.21127  - Valid-AUC:0.8375  -- Test: [AUC-Group: 0.8236 - AUC-All: 0.8406]
[I 260315 10:51 trainer_immunogenicity:113] Epoch: 11 - Loss: IMM 0.20950  - Valid-AUC:0.8400  -- Test: [AUC-Group: 0.8285 - AUC-All: 0.8439]
[I 260315 10:52 trainer_immunogenicity:113] Epoch: 12 - Loss: IMM 0.20740  - Valid-AUC:0.8422  -- Test: [AUC-Group: 0.8308 - AUC-All: 0.8466]
[I 260315 10:52 trainer_immunogenicity:113] Epoch: 13 - Loss: IMM 0.20615  - Valid-AUC:0.8435  -- Test: [AUC-Group: 0.8338 - AUC-All: 0.8491]
[I 260315 10:52 trainer_immunogenicity:113] Epoch: 14 - Loss: IMM 0.20377  - Valid-AUC:0.8450  -- Test: [AUC-Group: 0.8378 - AUC-All: 0.8516]
[I 260315 10:52 trainer_immunogenicity:113] Epoch: 15 - Loss: IMM 0.20174  - Valid-AUC:0.8467  -- Test: [AUC-Group: 0.8409 - AUC-All: 0.8536]
[I 260315 10:52 trainer_immunogenicity:113] Epoch: 16 - Loss: IMM 0.19999  - Valid-AUC:0.8481  -- Test: [AUC-Group: 0.8410 - AUC-All: 0.8554]
[I 260315 10:53 trainer_immunogenicity:113] Epoch: 17 - Loss: IMM 0.19786  - Valid-AUC:0.8494  -- Test: [AUC-Group: 0.8431 - AUC-All: 0.8569]
[I 260315 10:53 trainer_immunogenicity:113] Epoch: 18 - Loss: IMM 0.19667  - Valid-AUC:0.8508  -- Test: [AUC-Group: 0.8440 - AUC-All: 0.8580]
[I 260315 10:53 trainer_immunogenicity:113] Epoch: 19 - Loss: IMM 0.19474  - Valid-AUC:0.8519  -- Test: [AUC-Group: 0.8461 - AUC-All: 0.8597]
[I 260315 10:53 trainer_immunogenicity:118] Best IMM Epoch: 19 
[I 260315 10:53 main_immunogenicity_train:38] Finish training model weights/IM/ImmuScope-0.pt
[I 260315 10:53 trainer_immunogenicity:84] ==== Model loaded from weights/IM/ImmuScope-0.pt ====
[I 260315 10:53 main_immunogenicity_train:76] |**TEST: AUC_GROUP: 0.8461**|
[I 260315 10:53 main_immunogenicity_train:77] |**TEST: AUC_ALL: 0.8597**|
[I 260315 10:53 main_immunogenicity_train:20] Start training model weights/IM/ImmuScope-1.pt
[I 260315 10:53 trainer_immunogenicity:84] ==== Model loaded from weights/EL/ImmuScope-EL-1-fine-tune-b.pt ====
[I 260315 10:53 trainer_immunogenicity:113] Epoch: 0 - Loss: IMM 0.31095  - Valid-AUC:0.7380  -- Test: [AUC-Group: 0.7276 - AUC-All: 0.7511]
[I 260315 10:53 trainer_immunogenicity:113] Epoch: 1 - Loss: IMM 0.24592  - Valid-AUC:0.7847  -- Test: [AUC-Group: 0.7578 - AUC-All: 0.7907]
[I 260315 10:54 trainer_immunogenicity:113] Epoch: 2 - Loss: IMM 0.23755  - Valid-AUC:0.7989  -- Test: [AUC-Group: 0.7747 - AUC-All: 0.8032]
[I 260315 10:54 trainer_immunogenicity:113] Epoch: 3 - Loss: IMM 0.23220  - Valid-AUC:0.8069  -- Test: [AUC-Group: 0.7828 - AUC-All: 0.8116]
[I 260315 10:54 trainer_immunogenicity:113] Epoch: 4 - Loss: IMM 0.22897  - Valid-AUC:0.8125  -- Test: [AUC-Group: 0.7909 - AUC-All: 0.8186]
[I 260315 10:54 trainer_immunogenicity:113] Epoch: 5 - Loss: IMM 0.22575  - Valid-AUC:0.8166  -- Test: [AUC-Group: 0.7959 - AUC-All: 0.8238]
[I 260315 10:54 trainer_immunogenicity:113] Epoch: 6 - Loss: IMM 0.22284  - Valid-AUC:0.8194  -- Test: [AUC-Group: 0.8026 - AUC-All: 0.8283]
[I 260315 10:54 trainer_immunogenicity:113] Epoch: 7 - Loss: IMM 0.22022  - Valid-AUC:0.8226  -- Test: [AUC-Group: 0.8078 - AUC-All: 0.8323]
[I 260315 10:55 trainer_immunogenicity:113] Epoch: 8 - Loss: IMM 0.21786  - Valid-AUC:0.8247  -- Test: [AUC-Group: 0.8105 - AUC-All: 0.8359]
[I 260315 10:55 trainer_immunogenicity:113] Epoch: 9 - Loss: IMM 0.21531  - Valid-AUC:0.8275  -- Test: [AUC-Group: 0.8138 - AUC-All: 0.8391]
[I 260315 10:55 trainer_immunogenicity:113] Epoch: 10 - Loss: IMM 0.21357  - Valid-AUC:0.8298  -- Test: [AUC-Group: 0.8173 - AUC-All: 0.8420]
[I 260315 10:55 trainer_immunogenicity:113] Epoch: 11 - Loss: IMM 0.21119  - Valid-AUC:0.8326  -- Test: [AUC-Group: 0.8214 - AUC-All: 0.8446]
