[I 260315 12:41 utils:64] Model Name: ImmuScope
[I 260315 12:41 trainer_cd4_epitope:88] ==== Model loaded from weights/CD4/ImmuScope-0.pt ====
[I 260315 12:42 main_cd4_epitope_test:49] |**---------Model 0--- TEST: Median AUC: 0.9074; Mean AUC: 0.8123; AVG AUC: 0.7575---------**|
[I 260315 12:42 trainer_cd4_epitope:88] ==== Model loaded from weights/CD4/ImmuScope-1.pt ====
[I 260315 12:43 main_cd4_epitope_test:49] |**---------Model 1--- TEST: Median AUC: 0.9115; Mean AUC: 0.8143; AVG AUC: 0.7650---------**|
[I 260315 12:43 trainer_cd4_epitope:88] ==== Model loaded from weights/CD4/ImmuScope-2.pt ====
[I 260315 12:43 main_cd4_epitope_test:49] |**---------Model 2--- TEST: Median AUC: 0.9133; Mean AUC: 0.8171; AVG AUC: 0.7669---------**|
[I 260315 12:43 trainer_cd4_epitope:88] ==== Model loaded from weights/CD4/ImmuScope-3.pt ====
[I 260315 12:44 main_cd4_epitope_test:49] |**---------Model 3--- TEST: Median AUC: 0.9164; Mean AUC: 0.8132; AVG AUC: 0.7625---------**|
[I 260315 12:44 trainer_cd4_epitope:88] ==== Model loaded from weights/CD4/ImmuScope-4.pt ====
[I 260315 12:44 main_cd4_epitope_test:49] |**---------Model 4--- TEST: Median AUC: 0.9163; Mean AUC: 0.8176; AVG AUC: 0.7665---------**|
[I 260315 12:44 trainer_cd4_epitope:88] ==== Model loaded from weights/CD4/ImmuScope-5.pt ====
[I 260315 12:45 main_cd4_epitope_test:49] |**---------Model 5--- TEST: Median AUC: 0.9056; Mean AUC: 0.8118; AVG AUC: 0.7544---------**|
[I 260315 12:45 trainer_cd4_epitope:88] ==== Model loaded from weights/CD4/ImmuScope-6.pt ====
[I 260315 12:46 main_cd4_epitope_test:49] |**---------Model 6--- TEST: Median AUC: 0.9081; Mean AUC: 0.8120; AVG AUC: 0.7543---------**|
[I 260315 12:46 trainer_cd4_epitope:88] ==== Model loaded from weights/CD4/ImmuScope-7.pt ====
[I 260315 12:46 main_cd4_epitope_test:49] |**---------Model 7--- TEST: Median AUC: 0.9164; Mean AUC: 0.8143; AVG AUC: 0.7636---------**|
[I 260315 12:46 trainer_cd4_epitope:88] ==== Model loaded from weights/CD4/ImmuScope-8.pt ====
[I 260315 12:47 main_cd4_epitope_test:49] |**---------Model 8--- TEST: Median AUC: 0.9105; Mean AUC: 0.8131; AVG AUC: 0.7669---------**|
[I 260315 12:47 trainer_cd4_epitope:88] ==== Model loaded from weights/CD4/ImmuScope-9.pt ====
[I 260315 12:48 main_cd4_epitope_test:49] |**---------Model 9--- TEST: Median AUC: 0.9097; Mean AUC: 0.8098; AVG AUC: 0.7504---------**|
[I 260315 12:48 main_cd4_epitope_test:55] -----------------Average-----------------
[I 260315 12:48 main_cd4_epitope_test:67] |**========== TEST: Median AUC: 0.9268; Mean AUC: 0.8238; AVG AUC: 0.7689==========**|
