[I 260315 13:27 utils:64] Model Name: ImmuScope-IM
[I 260315 13:27 trainer_immunogenicity:84] ==== Model loaded from weights/IM/ImmuScope-IM-0.pt ====
[I 260315 13:27 main_immunogenicity_test:70] |**TEST: AUC_GROUP: 0.8744**|
[I 260315 13:27 main_immunogenicity_test:71] |**TEST: AUC_ALL: 0.8812**|
[I 260315 13:27 trainer_immunogenicity:84] ==== Model loaded from weights/IM/ImmuScope-IM-1.pt ====
[I 260315 13:27 main_immunogenicity_test:70] |**TEST: AUC_GROUP: 0.8726**|
[I 260315 13:27 main_immunogenicity_test:71] |**TEST: AUC_ALL: 0.8764**|
[I 260315 13:27 trainer_immunogenicity:84] ==== Model loaded from weights/IM/ImmuScope-IM-2.pt ====
[I 260315 13:27 main_immunogenicity_test:70] |**TEST: AUC_GROUP: 0.8813**|
[I 260315 13:27 main_immunogenicity_test:71] |**TEST: AUC_ALL: 0.8771**|
[I 260315 13:27 trainer_immunogenicity:84] ==== Model loaded from weights/IM/ImmuScope-IM-3.pt ====
[I 260315 13:27 main_immunogenicity_test:70] |**TEST: AUC_GROUP: 0.8752**|
[I 260315 13:27 main_immunogenicity_test:71] |**TEST: AUC_ALL: 0.8766**|
[I 260315 13:27 trainer_immunogenicity:84] ==== Model loaded from weights/IM/ImmuScope-IM-4.pt ====
[I 260315 13:27 main_immunogenicity_test:70] |**TEST: AUC_GROUP: 0.8738**|
[I 260315 13:27 main_immunogenicity_test:71] |**TEST: AUC_ALL: 0.8733**|
[I 260315 13:27 trainer_immunogenicity:84] ==== Model loaded from weights/IM/ImmuScope-IM-5.pt ====
[I 260315 13:27 main_immunogenicity_test:70] |**TEST: AUC_GROUP: 0.8731**|
[I 260315 13:27 main_immunogenicity_test:71] |**TEST: AUC_ALL: 0.8788**|
[I 260315 13:27 trainer_immunogenicity:84] ==== Model loaded from weights/IM/ImmuScope-IM-6.pt ====
[I 260315 13:27 main_immunogenicity_test:70] |**TEST: AUC_GROUP: 0.8693**|
[I 260315 13:27 main_immunogenicity_test:71] |**TEST: AUC_ALL: 0.8754**|
[I 260315 13:27 trainer_immunogenicity:84] ==== Model loaded from weights/IM/ImmuScope-IM-7.pt ====
[I 260315 13:27 main_immunogenicity_test:70] |**TEST: AUC_GROUP: 0.8731**|
[I 260315 13:27 main_immunogenicity_test:71] |**TEST: AUC_ALL: 0.8757**|
[I 260315 13:27 trainer_immunogenicity:84] ==== Model loaded from weights/IM/ImmuScope-IM-8.pt ====
[I 260315 13:27 main_immunogenicity_test:70] |**TEST: AUC_GROUP: 0.8675**|
[I 260315 13:27 main_immunogenicity_test:71] |**TEST: AUC_ALL: 0.8742**|
[I 260315 13:27 trainer_immunogenicity:84] ==== Model loaded from weights/IM/ImmuScope-IM-9.pt ====
[I 260315 13:27 main_immunogenicity_test:70] |**TEST: AUC_GROUP: 0.8700**|
[I 260315 13:27 main_immunogenicity_test:71] |**TEST: AUC_ALL: 0.8769**|
[I 260315 13:27 main_immunogenicity_test:75] -----------------Average-----------------
[I 260315 13:27 main_immunogenicity_test:85] |**========== TEST: AUC_GROUP: 0.9071 =========**|
[I 260315 13:27 main_immunogenicity_test:86] |**========== TEST: AUC_ALL: 0.9090 =========**|
