[I 260315 10:55 utils:64] Model Name: ImmuScope-IM
[I 260315 10:55 trainer_immunogenicity:84] ==== Model loaded from weights/IM/ImmuScope-IM-0.pt ====
[I 260315 10:55 main_immunogenicity_test:70] |**TEST: AUC_GROUP: 0.8725**|
[I 260315 10:55 main_immunogenicity_test:71] |**TEST: AUC_ALL: 0.8780**|
[I 260315 10:55 trainer_immunogenicity:84] ==== Model loaded from weights/IM/ImmuScope-IM-1.pt ====
[I 260315 10:56 main_immunogenicity_test:70] |**TEST: AUC_GROUP: 0.8685**|
[I 260315 10:56 main_immunogenicity_test:71] |**TEST: AUC_ALL: 0.8755**|
[I 260315 10:56 trainer_immunogenicity:84] ==== Model loaded from weights/IM/ImmuScope-IM-2.pt ====
[I 260315 10:56 main_immunogenicity_test:70] |**TEST: AUC_GROUP: 0.8604**|
[I 260315 10:56 main_immunogenicity_test:71] |**TEST: AUC_ALL: 0.8782**|
[I 260315 10:56 trainer_immunogenicity:84] ==== Model loaded from weights/IM/ImmuScope-IM-3.pt ====
[I 260315 10:56 main_immunogenicity_test:70] |**TEST: AUC_GROUP: 0.8646**|
[I 260315 10:56 main_immunogenicity_test:71] |**TEST: AUC_ALL: 0.8709**|
[I 260315 10:56 trainer_immunogenicity:84] ==== Model loaded from weights/IM/ImmuScope-IM-4.pt ====
[I 260315 10:56 main_immunogenicity_test:70] |**TEST: AUC_GROUP: 0.8825**|
[I 260315 10:56 main_immunogenicity_test:71] |**TEST: AUC_ALL: 0.8804**|
[I 260315 10:56 trainer_immunogenicity:84] ==== Model loaded from weights/IM/ImmuScope-IM-5.pt ====
[I 260315 10:56 main_immunogenicity_test:70] |**TEST: AUC_GROUP: 0.8771**|
[I 260315 10:56 main_immunogenicity_test:71] |**TEST: AUC_ALL: 0.8775**|
[I 260315 10:56 trainer_immunogenicity:84] ==== Model loaded from weights/IM/ImmuScope-IM-6.pt ====
[I 260315 10:56 main_immunogenicity_test:70] |**TEST: AUC_GROUP: 0.8772**|
[I 260315 10:56 main_immunogenicity_test:71] |**TEST: AUC_ALL: 0.8781**|
[I 260315 10:56 trainer_immunogenicity:84] ==== Model loaded from weights/IM/ImmuScope-IM-7.pt ====
[I 260315 10:56 main_immunogenicity_test:70] |**TEST: AUC_GROUP: 0.8731**|
[I 260315 10:56 main_immunogenicity_test:71] |**TEST: AUC_ALL: 0.8791**|
[I 260315 10:56 trainer_immunogenicity:84] ==== Model loaded from weights/IM/ImmuScope-IM-8.pt ====
[I 260315 10:56 main_immunogenicity_test:70] |**TEST: AUC_GROUP: 0.8765**|
[I 260315 10:56 main_immunogenicity_test:71] |**TEST: AUC_ALL: 0.8755**|
[I 260315 10:56 trainer_immunogenicity:84] ==== Model loaded from weights/IM/ImmuScope-IM-9.pt ====
[I 260315 10:56 main_immunogenicity_test:70] |**TEST: AUC_GROUP: 0.8690**|
[I 260315 10:56 main_immunogenicity_test:71] |**TEST: AUC_ALL: 0.8741**|
[I 260315 10:56 main_immunogenicity_test:75] -----------------Average-----------------
[I 260315 10:56 main_immunogenicity_test:85] |**========== TEST: AUC_GROUP: 0.9049 =========**|
[I 260315 10:56 main_immunogenicity_test:86] |**========== TEST: AUC_ALL: 0.9094 =========**|
