[I 260315 12:48 utils:64] Model Name: ImmuScope-IM
[I 260315 12:48 main_immunogenicity_train:20] Start training model weights/IM/ImmuScope-IM-0.pt
[I 260315 12:48 trainer_immunogenicity:84] ==== Model loaded from weights/EL/ImmuScope-EL-0-fine-tune-b.pt ====
[I 260315 12:48 trainer_immunogenicity:113] Epoch: 0 - Loss: IMM 0.22967  - Valid-AUC:0.8411  -- Test: [AUC-Group: 0.8397 - AUC-All: 0.8495]
[I 260315 12:48 trainer_immunogenicity:113] Epoch: 1 - Loss: IMM 0.20539  - Valid-AUC:0.8524  -- Test: [AUC-Group: 0.8488 - AUC-All: 0.8649]
[I 260315 12:48 trainer_immunogenicity:113] Epoch: 2 - Loss: IMM 0.18937  - Valid-AUC:0.8614  -- Test: [AUC-Group: 0.8556 - AUC-All: 0.8685]
[I 260315 12:49 trainer_immunogenicity:113] Epoch: 3 - Loss: IMM 0.18087  - Valid-AUC:0.8623  -- Test: [AUC-Group: 0.8644 - AUC-All: 0.8738]
[I 260315 12:49 trainer_immunogenicity:113] Epoch: 4 - Loss: IMM 0.16946  - Valid-AUC:0.8639  -- Test: [AUC-Group: 0.8609 - AUC-All: 0.8734]
[I 260315 12:49 trainer_immunogenicity:113] Epoch: 5 - Loss: IMM 0.16256  - Valid-AUC:0.8545  -- Test: [AUC-Group: 0.8580 - AUC-All: 0.8631]
[I 260315 12:49 trainer_immunogenicity:113] Epoch: 6 - Loss: IMM 0.15625  - Valid-AUC:0.8686  -- Test: [AUC-Group: 0.8641 - AUC-All: 0.8740]
[I 260315 12:49 trainer_immunogenicity:113] Epoch: 7 - Loss: IMM 0.14803  - Valid-AUC:0.8688  -- Test: [AUC-Group: 0.8663 - AUC-All: 0.8751]
[I 260315 12:50 trainer_immunogenicity:113] Epoch: 8 - Loss: IMM 0.14246  - Valid-AUC:0.8704  -- Test: [AUC-Group: 0.8735 - AUC-All: 0.8795]
[I 260315 12:50 trainer_immunogenicity:113] Epoch: 9 - Loss: IMM 0.13858  - Valid-AUC:0.8667  -- Test: [AUC-Group: 0.8604 - AUC-All: 0.8732]
[I 260315 12:50 trainer_immunogenicity:113] Epoch: 10 - Loss: IMM 0.13384  - Valid-AUC:0.8644  -- Test: [AUC-Group: 0.8694 - AUC-All: 0.8785]
[I 260315 12:50 trainer_immunogenicity:113] Epoch: 11 - Loss: IMM 0.12898  - Valid-AUC:0.8647  -- Test: [AUC-Group: 0.8696 - AUC-All: 0.8768]
[I 260315 12:50 trainer_immunogenicity:113] Epoch: 12 - Loss: IMM 0.12352  - Valid-AUC:0.8717  -- Test: [AUC-Group: 0.8744 - AUC-All: 0.8812]
[I 260315 12:51 trainer_immunogenicity:113] Epoch: 13 - Loss: IMM 0.12121  - Valid-AUC:0.8715  -- Test: [AUC-Group: 0.8770 - AUC-All: 0.8818]
[I 260315 12:51 trainer_immunogenicity:113] Epoch: 14 - Loss: IMM 0.11806  - Valid-AUC:0.8609  -- Test: [AUC-Group: 0.8722 - AUC-All: 0.8803]
[I 260315 12:51 trainer_immunogenicity:113] Epoch: 15 - Loss: IMM 0.11483  - Valid-AUC:0.8618  -- Test: [AUC-Group: 0.8736 - AUC-All: 0.8768]
[I 260315 12:51 trainer_immunogenicity:113] Epoch: 16 - Loss: IMM 0.11250  - Valid-AUC:0.8555  -- Test: [AUC-Group: 0.8670 - AUC-All: 0.8704]
[I 260315 12:51 trainer_immunogenicity:113] Epoch: 17 - Loss: IMM 0.10978  - Valid-AUC:0.8703  -- Test: [AUC-Group: 0.8714 - AUC-All: 0.8783]
[I 260315 12:51 trainer_immunogenicity:113] Epoch: 18 - Loss: IMM 0.10691  - Valid-AUC:0.8690  -- Test: [AUC-Group: 0.8732 - AUC-All: 0.8787]
[I 260315 12:52 trainer_immunogenicity:113] Epoch: 19 - Loss: IMM 0.10671  - Valid-AUC:0.8685  -- Test: [AUC-Group: 0.8783 - AUC-All: 0.8780]
[I 260315 12:52 trainer_immunogenicity:118] Best IMM Epoch: 12 
[I 260315 12:52 main_immunogenicity_train:38] Finish training model weights/IM/ImmuScope-IM-0.pt
[I 260315 12:52 trainer_immunogenicity:84] ==== Model loaded from weights/IM/ImmuScope-IM-0.pt ====
[I 260315 12:52 main_immunogenicity_train:76] |**TEST: AUC_GROUP: 0.8744**|
[I 260315 12:52 main_immunogenicity_train:77] |**TEST: AUC_ALL: 0.8812**|
[I 260315 12:52 main_immunogenicity_train:20] Start training model weights/IM/ImmuScope-IM-1.pt
[I 260315 12:52 trainer_immunogenicity:84] ==== Model loaded from weights/EL/ImmuScope-EL-1-fine-tune-b.pt ====
[I 260315 12:52 trainer_immunogenicity:113] Epoch: 0 - Loss: IMM 0.22994  - Valid-AUC:0.8423  -- Test: [AUC-Group: 0.8275 - AUC-All: 0.8494]
[I 260315 12:52 trainer_immunogenicity:113] Epoch: 1 - Loss: IMM 0.20555  - Valid-AUC:0.8517  -- Test: [AUC-Group: 0.8554 - AUC-All: 0.8642]
[I 260315 12:52 trainer_immunogenicity:113] Epoch: 2 - Loss: IMM 0.19190  - Valid-AUC:0.8648  -- Test: [AUC-Group: 0.8593 - AUC-All: 0.8697]
[I 260315 12:52 trainer_immunogenicity:113] Epoch: 3 - Loss: IMM 0.17912  - Valid-AUC:0.8597  -- Test: [AUC-Group: 0.8557 - AUC-All: 0.8705]
[I 260315 12:53 trainer_immunogenicity:113] Epoch: 4 - Loss: IMM 0.16990  - Valid-AUC:0.8625  -- Test: [AUC-Group: 0.8740 - AUC-All: 0.8746]
[I 260315 12:53 trainer_immunogenicity:113] Epoch: 5 - Loss: IMM 0.16109  - Valid-AUC:0.8636  -- Test: [AUC-Group: 0.8666 - AUC-All: 0.8718]
[I 260315 12:53 trainer_immunogenicity:113] Epoch: 6 - Loss: IMM 0.15552  - Valid-AUC:0.8624  -- Test: [AUC-Group: 0.8692 - AUC-All: 0.8737]
[I 260315 12:53 trainer_immunogenicity:113] Epoch: 7 - Loss: IMM 0.14730  - Valid-AUC:0.8646  -- Test: [AUC-Group: 0.8710 - AUC-All: 0.8774]
[I 260315 12:53 trainer_immunogenicity:113] Epoch: 8 - Loss: IMM 0.14344  - Valid-AUC:0.8582  -- Test: [AUC-Group: 0.8682 - AUC-All: 0.8702]
[I 260315 12:54 trainer_immunogenicity:113] Epoch: 9 - Loss: IMM 0.13738  - Valid-AUC:0.8610  -- Test: [AUC-Group: 0.8712 - AUC-All: 0.8734]
[I 260315 12:54 trainer_immunogenicity:113] Epoch: 10 - Loss: IMM 0.13352  - Valid-AUC:0.8686  -- Test: [AUC-Group: 0.8726 - AUC-All: 0.8764]
[I 260315 12:54 trainer_immunogenicity:113] Epoch: 11 - Loss: IMM 0.12927  - Valid-AUC:0.8586  -- Test: [AUC-Group: 0.8680 - AUC-All: 0.8716]
[I 260315 12:54 trainer_immunogenicity:113] Epoch: 12 - Loss: IMM 0.12342  - Valid-AUC:0.8545  -- Test: [AUC-Group: 0.8591 - AUC-All: 0.8638]
[I 260315 12:54 trainer_immunogenicity:113] Epoch: 13 - Loss: IMM 0.12217  - Valid-AUC:0.8488  -- Test: [AUC-Group: 0.8607 - AUC-All: 0.8639]
[I 260315 12:55 trainer_immunogenicity:113] Epoch: 14 - Loss: IMM 0.11813  - Valid-AUC:0.8619  -- Test: [AUC-Group: 0.8686 - AUC-All: 0.8698]
[I 260315 12:55 trainer_immunogenicity:113] Epoch: 15 - Loss: IMM 0.11329  - Valid-AUC:0.8550  -- Test: [AUC-Group: 0.8697 - AUC-All: 0.8672]
[I 260315 12:55 trainer_immunogenicity:113] Epoch: 16 - Loss: IMM 0.11194  - Valid-AUC:0.8560  -- Test: [AUC-Group: 0.8650 - AUC-All: 0.8682]
[I 260315 12:55 trainer_immunogenicity:113] Epoch: 17 - Loss: IMM 0.11100  - Valid-AUC:0.8582  -- Test: [AUC-Group: 0.8684 - AUC-All: 0.8687]
[I 260315 12:55 trainer_immunogenicity:113] Epoch: 18 - Loss: IMM 0.10635  - Valid-AUC:0.8559  -- Test: [AUC-Group: 0.8680 - AUC-All: 0.8705]
[I 260315 12:56 trainer_immunogenicity:113] Epoch: 19 - Loss: IMM 0.10415  - Valid-AUC:0.8481  -- Test: [AUC-Group: 0.8628 - AUC-All: 0.8647]
[I 260315 12:56 trainer_immunogenicity:118] Best IMM Epoch: 10 
[I 260315 12:56 main_immunogenicity_train:38] Finish training model weights/IM/ImmuScope-IM-1.pt
[I 260315 12:56 trainer_immunogenicity:84] ==== Model loaded from weights/IM/ImmuScope-IM-1.pt ====
[I 260315 12:56 main_immunogenicity_train:76] |**TEST: AUC_GROUP: 0.8726**|
[I 260315 12:56 main_immunogenicity_train:77] |**TEST: AUC_ALL: 0.8764**|
[I 260315 12:56 main_immunogenicity_train:20] Start training model weights/IM/ImmuScope-IM-2.pt
[I 260315 12:56 trainer_immunogenicity:84] ==== Model loaded from weights/EL/ImmuScope-EL-2-fine-tune-b.pt ====
[I 260315 12:56 trainer_immunogenicity:113] Epoch: 0 - Loss: IMM 0.22859  - Valid-AUC:0.8483  -- Test: [AUC-Group: 0.8536 - AUC-All: 0.8496]
[I 260315 12:56 trainer_immunogenicity:113] Epoch: 1 - Loss: IMM 0.20561  - Valid-AUC:0.8626  -- Test: [AUC-Group: 0.8649 - AUC-All: 0.8648]
[I 260315 12:56 trainer_immunogenicity:113] Epoch: 2 - Loss: IMM 0.18920  - Valid-AUC:0.8645  -- Test: [AUC-Group: 0.8668 - AUC-All: 0.8624]
[I 260315 12:56 trainer_immunogenicity:113] Epoch: 3 - Loss: IMM 0.17859  - Valid-AUC:0.8669  -- Test: [AUC-Group: 0.8678 - AUC-All: 0.8616]
[I 260315 12:57 trainer_immunogenicity:113] Epoch: 4 - Loss: IMM 0.16804  - Valid-AUC:0.8776  -- Test: [AUC-Group: 0.8839 - AUC-All: 0.8759]
[I 260315 12:57 trainer_immunogenicity:113] Epoch: 5 - Loss: IMM 0.16115  - Valid-AUC:0.8710  -- Test: [AUC-Group: 0.8739 - AUC-All: 0.8752]
[I 260315 12:57 trainer_immunogenicity:113] Epoch: 6 - Loss: IMM 0.15357  - Valid-AUC:0.8769  -- Test: [AUC-Group: 0.8810 - AUC-All: 0.8779]
[I 260315 12:57 trainer_immunogenicity:113] Epoch: 7 - Loss: IMM 0.14562  - Valid-AUC:0.8736  -- Test: [AUC-Group: 0.8861 - AUC-All: 0.8796]
[I 260315 12:57 trainer_immunogenicity:113] Epoch: 8 - Loss: IMM 0.13975  - Valid-AUC:0.8702  -- Test: [AUC-Group: 0.8835 - AUC-All: 0.8768]
[I 260315 12:58 trainer_immunogenicity:113] Epoch: 9 - Loss: IMM 0.13465  - Valid-AUC:0.8719  -- Test: [AUC-Group: 0.8814 - AUC-All: 0.8755]
[I 260315 12:58 trainer_immunogenicity:113] Epoch: 10 - Loss: IMM 0.13124  - Valid-AUC:0.8787  -- Test: [AUC-Group: 0.8813 - AUC-All: 0.8771]
[I 260315 12:58 trainer_immunogenicity:113] Epoch: 11 - Loss: IMM 0.12420  - Valid-AUC:0.8722  -- Test: [AUC-Group: 0.8858 - AUC-All: 0.8774]
[I 260315 12:58 trainer_immunogenicity:113] Epoch: 12 - Loss: IMM 0.12113  - Valid-AUC:0.8735  -- Test: [AUC-Group: 0.8770 - AUC-All: 0.8765]
[I 260315 12:58 trainer_immunogenicity:113] Epoch: 13 - Loss: IMM 0.11685  - Valid-AUC:0.8744  -- Test: [AUC-Group: 0.8881 - AUC-All: 0.8775]
[I 260315 12:58 trainer_immunogenicity:113] Epoch: 14 - Loss: IMM 0.11439  - Valid-AUC:0.8748  -- Test: [AUC-Group: 0.8854 - AUC-All: 0.8752]
[I 260315 12:59 trainer_immunogenicity:113] Epoch: 15 - Loss: IMM 0.11045  - Valid-AUC:0.8759  -- Test: [AUC-Group: 0.8861 - AUC-All: 0.8726]
[I 260315 12:59 trainer_immunogenicity:113] Epoch: 16 - Loss: IMM 0.10859  - Valid-AUC:0.8718  -- Test: [AUC-Group: 0.8860 - AUC-All: 0.8782]
[I 260315 12:59 trainer_immunogenicity:113] Epoch: 17 - Loss: IMM 0.10487  - Valid-AUC:0.8680  -- Test: [AUC-Group: 0.8820 - AUC-All: 0.8750]
[I 260315 12:59 trainer_immunogenicity:113] Epoch: 18 - Loss: IMM 0.10241  - Valid-AUC:0.8686  -- Test: [AUC-Group: 0.8797 - AUC-All: 0.8711]
[I 260315 12:59 trainer_immunogenicity:113] Epoch: 19 - Loss: IMM 0.09949  - Valid-AUC:0.8646  -- Test: [AUC-Group: 0.8848 - AUC-All: 0.8742]
[I 260315 12:59 trainer_immunogenicity:118] Best IMM Epoch: 10 
[I 260315 12:59 main_immunogenicity_train:38] Finish training model weights/IM/ImmuScope-IM-2.pt
[I 260315 12:59 trainer_immunogenicity:84] ==== Model loaded from weights/IM/ImmuScope-IM-2.pt ====
[I 260315 12:59 main_immunogenicity_train:76] |**TEST: AUC_GROUP: 0.8813**|
[I 260315 12:59 main_immunogenicity_train:77] |**TEST: AUC_ALL: 0.8771**|
[I 260315 12:59 main_immunogenicity_train:20] Start training model weights/IM/ImmuScope-IM-3.pt
[I 260315 12:59 trainer_immunogenicity:84] ==== Model loaded from weights/EL/ImmuScope-EL-3-fine-tune-b.pt ====
[I 260315 13:00 trainer_immunogenicity:113] Epoch: 0 - Loss: IMM 0.22930  - Valid-AUC:0.8415  -- Test: [AUC-Group: 0.8388 - AUC-All: 0.8469]
[I 260315 13:00 trainer_immunogenicity:113] Epoch: 1 - Loss: IMM 0.20266  - Valid-AUC:0.8540  -- Test: [AUC-Group: 0.8581 - AUC-All: 0.8642]
[I 260315 13:00 trainer_immunogenicity:113] Epoch: 2 - Loss: IMM 0.18735  - Valid-AUC:0.8599  -- Test: [AUC-Group: 0.8599 - AUC-All: 0.8633]
[I 260315 13:00 trainer_immunogenicity:113] Epoch: 3 - Loss: IMM 0.17583  - Valid-AUC:0.8698  -- Test: [AUC-Group: 0.8757 - AUC-All: 0.8747]
[I 260315 13:00 trainer_immunogenicity:113] Epoch: 4 - Loss: IMM 0.16535  - Valid-AUC:0.8644  -- Test: [AUC-Group: 0.8651 - AUC-All: 0.8686]
[I 260315 13:01 trainer_immunogenicity:113] Epoch: 5 - Loss: IMM 0.15762  - Valid-AUC:0.8635  -- Test: [AUC-Group: 0.8695 - AUC-All: 0.8726]
[I 260315 13:01 trainer_immunogenicity:113] Epoch: 6 - Loss: IMM 0.15097  - Valid-AUC:0.8679  -- Test: [AUC-Group: 0.8748 - AUC-All: 0.8743]
[I 260315 13:01 trainer_immunogenicity:113] Epoch: 7 - Loss: IMM 0.14465  - Valid-AUC:0.8671  -- Test: [AUC-Group: 0.8733 - AUC-All: 0.8742]
[I 260315 13:01 trainer_immunogenicity:113] Epoch: 8 - Loss: IMM 0.13993  - Valid-AUC:0.8599  -- Test: [AUC-Group: 0.8669 - AUC-All: 0.8719]
[I 260315 13:01 trainer_immunogenicity:113] Epoch: 9 - Loss: IMM 0.13560  - Valid-AUC:0.8679  -- Test: [AUC-Group: 0.8692 - AUC-All: 0.8750]
[I 260315 13:02 trainer_immunogenicity:113] Epoch: 10 - Loss: IMM 0.12946  - Valid-AUC:0.8700  -- Test: [AUC-Group: 0.8690 - AUC-All: 0.8712]
[I 260315 13:02 trainer_immunogenicity:113] Epoch: 11 - Loss: IMM 0.12552  - Valid-AUC:0.8672  -- Test: [AUC-Group: 0.8731 - AUC-All: 0.8776]
[I 260315 13:02 trainer_immunogenicity:113] Epoch: 12 - Loss: IMM 0.12133  - Valid-AUC:0.8707  -- Test: [AUC-Group: 0.8752 - AUC-All: 0.8766]
[I 260315 13:02 trainer_immunogenicity:113] Epoch: 13 - Loss: IMM 0.11619  - Valid-AUC:0.8565  -- Test: [AUC-Group: 0.8712 - AUC-All: 0.8681]
[I 260315 13:02 trainer_immunogenicity:113] Epoch: 14 - Loss: IMM 0.11523  - Valid-AUC:0.8553  -- Test: [AUC-Group: 0.8750 - AUC-All: 0.8747]
[I 260315 13:03 trainer_immunogenicity:113] Epoch: 15 - Loss: IMM 0.11136  - Valid-AUC:0.8538  -- Test: [AUC-Group: 0.8765 - AUC-All: 0.8754]
[I 260315 13:03 trainer_immunogenicity:113] Epoch: 16 - Loss: IMM 0.10847  - Valid-AUC:0.8505  -- Test: [AUC-Group: 0.8746 - AUC-All: 0.8699]
[I 260315 13:03 trainer_immunogenicity:113] Epoch: 17 - Loss: IMM 0.10817  - Valid-AUC:0.8503  -- Test: [AUC-Group: 0.8762 - AUC-All: 0.8736]
[I 260315 13:03 trainer_immunogenicity:113] Epoch: 18 - Loss: IMM 0.10276  - Valid-AUC:0.8575  -- Test: [AUC-Group: 0.8764 - AUC-All: 0.8754]
[I 260315 13:03 trainer_immunogenicity:113] Epoch: 19 - Loss: IMM 0.10275  - Valid-AUC:0.8641  -- Test: [AUC-Group: 0.8665 - AUC-All: 0.8712]
[I 260315 13:03 trainer_immunogenicity:118] Best IMM Epoch: 12 
[I 260315 13:03 main_immunogenicity_train:38] Finish training model weights/IM/ImmuScope-IM-3.pt
[I 260315 13:03 trainer_immunogenicity:84] ==== Model loaded from weights/IM/ImmuScope-IM-3.pt ====
[I 260315 13:03 main_immunogenicity_train:76] |**TEST: AUC_GROUP: 0.8752**|
[I 260315 13:03 main_immunogenicity_train:77] |**TEST: AUC_ALL: 0.8766**|
[I 260315 13:03 main_immunogenicity_train:20] Start training model weights/IM/ImmuScope-IM-4.pt
[I 260315 13:03 trainer_immunogenicity:84] ==== Model loaded from weights/EL/ImmuScope-EL-4-fine-tune-b.pt ====
[I 260315 13:04 trainer_immunogenicity:113] Epoch: 0 - Loss: IMM 0.22781  - Valid-AUC:0.8449  -- Test: [AUC-Group: 0.8464 - AUC-All: 0.8499]
[I 260315 13:04 trainer_immunogenicity:113] Epoch: 1 - Loss: IMM 0.20451  - Valid-AUC:0.8538  -- Test: [AUC-Group: 0.8554 - AUC-All: 0.8567]
[I 260315 13:04 trainer_immunogenicity:113] Epoch: 2 - Loss: IMM 0.19079  - Valid-AUC:0.8641  -- Test: [AUC-Group: 0.8660 - AUC-All: 0.8666]
[I 260315 13:04 trainer_immunogenicity:113] Epoch: 3 - Loss: IMM 0.17902  - Valid-AUC:0.8736  -- Test: [AUC-Group: 0.8692 - AUC-All: 0.8706]
[I 260315 13:04 trainer_immunogenicity:113] Epoch: 4 - Loss: IMM 0.16960  - Valid-AUC:0.8721  -- Test: [AUC-Group: 0.8749 - AUC-All: 0.8702]
[I 260315 13:04 trainer_immunogenicity:113] Epoch: 5 - Loss: IMM 0.16098  - Valid-AUC:0.8721  -- Test: [AUC-Group: 0.8787 - AUC-All: 0.8748]
[I 260315 13:05 trainer_immunogenicity:113] Epoch: 6 - Loss: IMM 0.15381  - Valid-AUC:0.8730  -- Test: [AUC-Group: 0.8741 - AUC-All: 0.8734]
[I 260315 13:05 trainer_immunogenicity:113] Epoch: 7 - Loss: IMM 0.14827  - Valid-AUC:0.8671  -- Test: [AUC-Group: 0.8781 - AUC-All: 0.8763]
[I 260315 13:05 trainer_immunogenicity:113] Epoch: 8 - Loss: IMM 0.14333  - Valid-AUC:0.8721  -- Test: [AUC-Group: 0.8749 - AUC-All: 0.8745]
[I 260315 13:05 trainer_immunogenicity:113] Epoch: 9 - Loss: IMM 0.13993  - Valid-AUC:0.8741  -- Test: [AUC-Group: 0.8738 - AUC-All: 0.8733]
[I 260315 13:05 trainer_immunogenicity:113] Epoch: 10 - Loss: IMM 0.13536  - Valid-AUC:0.8697  -- Test: [AUC-Group: 0.8840 - AUC-All: 0.8756]
[I 260315 13:06 trainer_immunogenicity:113] Epoch: 11 - Loss: IMM 0.13034  - Valid-AUC:0.8639  -- Test: [AUC-Group: 0.8842 - AUC-All: 0.8742]
[I 260315 13:06 trainer_immunogenicity:113] Epoch: 12 - Loss: IMM 0.12665  - Valid-AUC:0.8684  -- Test: [AUC-Group: 0.8801 - AUC-All: 0.8748]
[I 260315 13:06 trainer_immunogenicity:113] Epoch: 13 - Loss: IMM 0.12296  - Valid-AUC:0.8647  -- Test: [AUC-Group: 0.8790 - AUC-All: 0.8753]
[I 260315 13:06 trainer_immunogenicity:113] Epoch: 14 - Loss: IMM 0.11860  - Valid-AUC:0.8644  -- Test: [AUC-Group: 0.8755 - AUC-All: 0.8726]
[I 260315 13:06 trainer_immunogenicity:113] Epoch: 15 - Loss: IMM 0.11571  - Valid-AUC:0.8724  -- Test: [AUC-Group: 0.8815 - AUC-All: 0.8757]
[I 260315 13:07 trainer_immunogenicity:113] Epoch: 16 - Loss: IMM 0.11248  - Valid-AUC:0.8708  -- Test: [AUC-Group: 0.8775 - AUC-All: 0.8749]
[I 260315 13:07 trainer_immunogenicity:113] Epoch: 17 - Loss: IMM 0.10973  - Valid-AUC:0.8689  -- Test: [AUC-Group: 0.8729 - AUC-All: 0.8677]
[I 260315 13:07 trainer_immunogenicity:113] Epoch: 18 - Loss: IMM 0.10805  - Valid-AUC:0.8688  -- Test: [AUC-Group: 0.8742 - AUC-All: 0.8709]
[I 260315 13:07 trainer_immunogenicity:113] Epoch: 19 - Loss: IMM 0.10535  - Valid-AUC:0.8632  -- Test: [AUC-Group: 0.8731 - AUC-All: 0.8737]
[I 260315 13:07 trainer_immunogenicity:118] Best IMM Epoch: 9 
[I 260315 13:07 main_immunogenicity_train:38] Finish training model weights/IM/ImmuScope-IM-4.pt
[I 260315 13:07 trainer_immunogenicity:84] ==== Model loaded from weights/IM/ImmuScope-IM-4.pt ====
[I 260315 13:07 main_immunogenicity_train:76] |**TEST: AUC_GROUP: 0.8738**|
[I 260315 13:07 main_immunogenicity_train:77] |**TEST: AUC_ALL: 0.8733**|
[I 260315 13:07 main_immunogenicity_train:20] Start training model weights/IM/ImmuScope-IM-5.pt
[I 260315 13:07 trainer_immunogenicity:84] ==== Model loaded from weights/EL/ImmuScope-EL-5-fine-tune-b.pt ====
[I 260315 13:07 trainer_immunogenicity:113] Epoch: 0 - Loss: IMM 0.22702  - Valid-AUC:0.8458  -- Test: [AUC-Group: 0.8399 - AUC-All: 0.8475]
[I 260315 13:08 trainer_immunogenicity:113] Epoch: 1 - Loss: IMM 0.20302  - Valid-AUC:0.8632  -- Test: [AUC-Group: 0.8642 - AUC-All: 0.8654]
[I 260315 13:08 trainer_immunogenicity:113] Epoch: 2 - Loss: IMM 0.18981  - Valid-AUC:0.8651  -- Test: [AUC-Group: 0.8618 - AUC-All: 0.8686]
[I 260315 13:08 trainer_immunogenicity:113] Epoch: 3 - Loss: IMM 0.17854  - Valid-AUC:0.8625  -- Test: [AUC-Group: 0.8650 - AUC-All: 0.8678]
[I 260315 13:08 trainer_immunogenicity:113] Epoch: 4 - Loss: IMM 0.16854  - Valid-AUC:0.8677  -- Test: [AUC-Group: 0.8744 - AUC-All: 0.8727]
[I 260315 13:08 trainer_immunogenicity:113] Epoch: 5 - Loss: IMM 0.15801  - Valid-AUC:0.8621  -- Test: [AUC-Group: 0.8719 - AUC-All: 0.8708]
[I 260315 13:09 trainer_immunogenicity:113] Epoch: 6 - Loss: IMM 0.15396  - Valid-AUC:0.8746  -- Test: [AUC-Group: 0.8797 - AUC-All: 0.8777]
[I 260315 13:09 trainer_immunogenicity:113] Epoch: 7 - Loss: IMM 0.14443  - Valid-AUC:0.8745  -- Test: [AUC-Group: 0.8736 - AUC-All: 0.8733]
[I 260315 13:09 trainer_immunogenicity:113] Epoch: 8 - Loss: IMM 0.14043  - Valid-AUC:0.8778  -- Test: [AUC-Group: 0.8731 - AUC-All: 0.8788]
[I 260315 13:09 trainer_immunogenicity:113] Epoch: 9 - Loss: IMM 0.13614  - Valid-AUC:0.8713  -- Test: [AUC-Group: 0.8767 - AUC-All: 0.8773]
[I 260315 13:09 trainer_immunogenicity:113] Epoch: 10 - Loss: IMM 0.13020  - Valid-AUC:0.8736  -- Test: [AUC-Group: 0.8734 - AUC-All: 0.8757]
[I 260315 13:10 trainer_immunogenicity:113] Epoch: 11 - Loss: IMM 0.12600  - Valid-AUC:0.8717  -- Test: [AUC-Group: 0.8795 - AUC-All: 0.8768]
[I 260315 13:10 trainer_immunogenicity:113] Epoch: 12 - Loss: IMM 0.12311  - Valid-AUC:0.8723  -- Test: [AUC-Group: 0.8720 - AUC-All: 0.8731]
[I 260315 13:10 trainer_immunogenicity:113] Epoch: 13 - Loss: IMM 0.12050  - Valid-AUC:0.8701  -- Test: [AUC-Group: 0.8787 - AUC-All: 0.8809]
[I 260315 13:10 trainer_immunogenicity:113] Epoch: 14 - Loss: IMM 0.11626  - Valid-AUC:0.8701  -- Test: [AUC-Group: 0.8792 - AUC-All: 0.8786]
[I 260315 13:10 trainer_immunogenicity:113] Epoch: 15 - Loss: IMM 0.11203  - Valid-AUC:0.8715  -- Test: [AUC-Group: 0.8778 - AUC-All: 0.8808]
[I 260315 13:11 trainer_immunogenicity:113] Epoch: 16 - Loss: IMM 0.11097  - Valid-AUC:0.8656  -- Test: [AUC-Group: 0.8767 - AUC-All: 0.8786]
[I 260315 13:11 trainer_immunogenicity:113] Epoch: 17 - Loss: IMM 0.10766  - Valid-AUC:0.8671  -- Test: [AUC-Group: 0.8760 - AUC-All: 0.8796]
[I 260315 13:11 trainer_immunogenicity:113] Epoch: 18 - Loss: IMM 0.10540  - Valid-AUC:0.8681  -- Test: [AUC-Group: 0.8666 - AUC-All: 0.8732]
[I 260315 13:11 trainer_immunogenicity:113] Epoch: 19 - Loss: IMM 0.10274  - Valid-AUC:0.8563  -- Test: [AUC-Group: 0.8743 - AUC-All: 0.8738]
[I 260315 13:11 trainer_immunogenicity:118] Best IMM Epoch: 8 
[I 260315 13:11 main_immunogenicity_train:38] Finish training model weights/IM/ImmuScope-IM-5.pt
[I 260315 13:11 trainer_immunogenicity:84] ==== Model loaded from weights/IM/ImmuScope-IM-5.pt ====
[I 260315 13:11 main_immunogenicity_train:76] |**TEST: AUC_GROUP: 0.8731**|
[I 260315 13:11 main_immunogenicity_train:77] |**TEST: AUC_ALL: 0.8788**|
[I 260315 13:11 main_immunogenicity_train:20] Start training model weights/IM/ImmuScope-IM-6.pt
[I 260315 13:11 trainer_immunogenicity:84] ==== Model loaded from weights/EL/ImmuScope-EL-6-fine-tune-b.pt ====
[I 260315 13:11 trainer_immunogenicity:113] Epoch: 0 - Loss: IMM 0.22780  - Valid-AUC:0.8420  -- Test: [AUC-Group: 0.8320 - AUC-All: 0.8500]
[I 260315 13:12 trainer_immunogenicity:113] Epoch: 1 - Loss: IMM 0.20347  - Valid-AUC:0.8511  -- Test: [AUC-Group: 0.8480 - AUC-All: 0.8578]
[I 260315 13:12 trainer_immunogenicity:113] Epoch: 2 - Loss: IMM 0.18884  - Valid-AUC:0.8665  -- Test: [AUC-Group: 0.8624 - AUC-All: 0.8703]
[I 260315 13:12 trainer_immunogenicity:113] Epoch: 3 - Loss: IMM 0.17954  - Valid-AUC:0.8687  -- Test: [AUC-Group: 0.8669 - AUC-All: 0.8732]
[I 260315 13:12 trainer_immunogenicity:113] Epoch: 4 - Loss: IMM 0.16908  - Valid-AUC:0.8755  -- Test: [AUC-Group: 0.8654 - AUC-All: 0.8744]
[I 260315 13:12 trainer_immunogenicity:113] Epoch: 5 - Loss: IMM 0.16354  - Valid-AUC:0.8805  -- Test: [AUC-Group: 0.8693 - AUC-All: 0.8754]
[I 260315 13:13 trainer_immunogenicity:113] Epoch: 6 - Loss: IMM 0.15504  - Valid-AUC:0.8712  -- Test: [AUC-Group: 0.8738 - AUC-All: 0.8746]
[I 260315 13:13 trainer_immunogenicity:113] Epoch: 7 - Loss: IMM 0.14912  - Valid-AUC:0.8769  -- Test: [AUC-Group: 0.8718 - AUC-All: 0.8776]
[I 260315 13:13 trainer_immunogenicity:113] Epoch: 8 - Loss: IMM 0.14464  - Valid-AUC:0.8630  -- Test: [AUC-Group: 0.8706 - AUC-All: 0.8724]
[I 260315 13:13 trainer_immunogenicity:113] Epoch: 9 - Loss: IMM 0.13949  - Valid-AUC:0.8777  -- Test: [AUC-Group: 0.8759 - AUC-All: 0.8778]
[I 260315 13:13 trainer_immunogenicity:113] Epoch: 10 - Loss: IMM 0.13142  - Valid-AUC:0.8756  -- Test: [AUC-Group: 0.8779 - AUC-All: 0.8802]
[I 260315 13:13 trainer_immunogenicity:113] Epoch: 11 - Loss: IMM 0.13117  - Valid-AUC:0.8753  -- Test: [AUC-Group: 0.8732 - AUC-All: 0.8744]
[I 260315 13:14 trainer_immunogenicity:113] Epoch: 12 - Loss: IMM 0.12415  - Valid-AUC:0.8655  -- Test: [AUC-Group: 0.8723 - AUC-All: 0.8741]
[I 260315 13:14 trainer_immunogenicity:113] Epoch: 13 - Loss: IMM 0.12360  - Valid-AUC:0.8730  -- Test: [AUC-Group: 0.8784 - AUC-All: 0.8762]
[I 260315 13:14 trainer_immunogenicity:113] Epoch: 14 - Loss: IMM 0.11937  - Valid-AUC:0.8753  -- Test: [AUC-Group: 0.8739 - AUC-All: 0.8699]
[I 260315 13:14 trainer_immunogenicity:113] Epoch: 15 - Loss: IMM 0.11728  - Valid-AUC:0.8717  -- Test: [AUC-Group: 0.8797 - AUC-All: 0.8752]
[I 260315 13:14 trainer_immunogenicity:113] Epoch: 16 - Loss: IMM 0.11140  - Valid-AUC:0.8720  -- Test: [AUC-Group: 0.8769 - AUC-All: 0.8742]
[I 260315 13:15 trainer_immunogenicity:113] Epoch: 17 - Loss: IMM 0.11015  - Valid-AUC:0.8640  -- Test: [AUC-Group: 0.8738 - AUC-All: 0.8732]
[I 260315 13:15 trainer_immunogenicity:113] Epoch: 18 - Loss: IMM 0.10881  - Valid-AUC:0.8597  -- Test: [AUC-Group: 0.8764 - AUC-All: 0.8722]
[I 260315 13:15 trainer_immunogenicity:113] Epoch: 19 - Loss: IMM 0.10657  - Valid-AUC:0.8693  -- Test: [AUC-Group: 0.8745 - AUC-All: 0.8703]
[I 260315 13:15 trainer_immunogenicity:118] Best IMM Epoch: 5 
[I 260315 13:15 main_immunogenicity_train:38] Finish training model weights/IM/ImmuScope-IM-6.pt
[I 260315 13:15 trainer_immunogenicity:84] ==== Model loaded from weights/IM/ImmuScope-IM-6.pt ====
[I 260315 13:15 main_immunogenicity_train:76] |**TEST: AUC_GROUP: 0.8693**|
[I 260315 13:15 main_immunogenicity_train:77] |**TEST: AUC_ALL: 0.8754**|
[I 260315 13:15 main_immunogenicity_train:20] Start training model weights/IM/ImmuScope-IM-7.pt
[I 260315 13:15 trainer_immunogenicity:84] ==== Model loaded from weights/EL/ImmuScope-EL-7-fine-tune-b.pt ====
[I 260315 13:15 trainer_immunogenicity:113] Epoch: 0 - Loss: IMM 0.23089  - Valid-AUC:0.8401  -- Test: [AUC-Group: 0.8319 - AUC-All: 0.8435]
[I 260315 13:15 trainer_immunogenicity:113] Epoch: 1 - Loss: IMM 0.20514  - Valid-AUC:0.8519  -- Test: [AUC-Group: 0.8514 - AUC-All: 0.8576]
[I 260315 13:16 trainer_immunogenicity:113] Epoch: 2 - Loss: IMM 0.19072  - Valid-AUC:0.8582  -- Test: [AUC-Group: 0.8667 - AUC-All: 0.8706]
[I 260315 13:16 trainer_immunogenicity:113] Epoch: 3 - Loss: IMM 0.17824  - Valid-AUC:0.8551  -- Test: [AUC-Group: 0.8650 - AUC-All: 0.8687]
[I 260315 13:16 trainer_immunogenicity:113] Epoch: 4 - Loss: IMM 0.16982  - Valid-AUC:0.8625  -- Test: [AUC-Group: 0.8671 - AUC-All: 0.8749]
[I 260315 13:16 trainer_immunogenicity:113] Epoch: 5 - Loss: IMM 0.16022  - Valid-AUC:0.8665  -- Test: [AUC-Group: 0.8724 - AUC-All: 0.8747]
[I 260315 13:16 trainer_immunogenicity:113] Epoch: 6 - Loss: IMM 0.15365  - Valid-AUC:0.8569  -- Test: [AUC-Group: 0.8779 - AUC-All: 0.8732]
[I 260315 13:17 trainer_immunogenicity:113] Epoch: 7 - Loss: IMM 0.14852  - Valid-AUC:0.8594  -- Test: [AUC-Group: 0.8748 - AUC-All: 0.8769]
[I 260315 13:17 trainer_immunogenicity:113] Epoch: 8 - Loss: IMM 0.14221  - Valid-AUC:0.8652  -- Test: [AUC-Group: 0.8779 - AUC-All: 0.8709]
[I 260315 13:17 trainer_immunogenicity:113] Epoch: 9 - Loss: IMM 0.13731  - Valid-AUC:0.8571  -- Test: [AUC-Group: 0.8738 - AUC-All: 0.8674]
[I 260315 13:17 trainer_immunogenicity:113] Epoch: 10 - Loss: IMM 0.13160  - Valid-AUC:0.8622  -- Test: [AUC-Group: 0.8730 - AUC-All: 0.8771]
[I 260315 13:17 trainer_immunogenicity:113] Epoch: 11 - Loss: IMM 0.12951  - Valid-AUC:0.8684  -- Test: [AUC-Group: 0.8731 - AUC-All: 0.8757]
[I 260315 13:18 trainer_immunogenicity:113] Epoch: 12 - Loss: IMM 0.12487  - Valid-AUC:0.8550  -- Test: [AUC-Group: 0.8653 - AUC-All: 0.8717]
[I 260315 13:18 trainer_immunogenicity:113] Epoch: 13 - Loss: IMM 0.12137  - Valid-AUC:0.8632  -- Test: [AUC-Group: 0.8763 - AUC-All: 0.8789]
[I 260315 13:18 trainer_immunogenicity:113] Epoch: 14 - Loss: IMM 0.11931  - Valid-AUC:0.8604  -- Test: [AUC-Group: 0.8745 - AUC-All: 0.8728]
[I 260315 13:18 trainer_immunogenicity:113] Epoch: 15 - Loss: IMM 0.11577  - Valid-AUC:0.8601  -- Test: [AUC-Group: 0.8784 - AUC-All: 0.8787]
[I 260315 13:18 trainer_immunogenicity:113] Epoch: 16 - Loss: IMM 0.11220  - Valid-AUC:0.8582  -- Test: [AUC-Group: 0.8754 - AUC-All: 0.8768]
[I 260315 13:19 trainer_immunogenicity:113] Epoch: 17 - Loss: IMM 0.11031  - Valid-AUC:0.8542  -- Test: [AUC-Group: 0.8736 - AUC-All: 0.8763]
[I 260315 13:19 trainer_immunogenicity:113] Epoch: 18 - Loss: IMM 0.10753  - Valid-AUC:0.8498  -- Test: [AUC-Group: 0.8778 - AUC-All: 0.8696]
[I 260315 13:19 trainer_immunogenicity:113] Epoch: 19 - Loss: IMM 0.10480  - Valid-AUC:0.8633  -- Test: [AUC-Group: 0.8795 - AUC-All: 0.8807]
[I 260315 13:19 trainer_immunogenicity:118] Best IMM Epoch: 11 
[I 260315 13:19 main_immunogenicity_train:38] Finish training model weights/IM/ImmuScope-IM-7.pt
[I 260315 13:19 trainer_immunogenicity:84] ==== Model loaded from weights/IM/ImmuScope-IM-7.pt ====
[I 260315 13:19 main_immunogenicity_train:76] |**TEST: AUC_GROUP: 0.8731**|
[I 260315 13:19 main_immunogenicity_train:77] |**TEST: AUC_ALL: 0.8757**|
[I 260315 13:19 main_immunogenicity_train:20] Start training model weights/IM/ImmuScope-IM-8.pt
[I 260315 13:19 trainer_immunogenicity:84] ==== Model loaded from weights/EL/ImmuScope-EL-8-fine-tune-b.pt ====
[I 260315 13:19 trainer_immunogenicity:113] Epoch: 0 - Loss: IMM 0.22984  - Valid-AUC:0.8435  -- Test: [AUC-Group: 0.8407 - AUC-All: 0.8502]
[I 260315 13:19 trainer_immunogenicity:113] Epoch: 1 - Loss: IMM 0.20636  - Valid-AUC:0.8529  -- Test: [AUC-Group: 0.8430 - AUC-All: 0.8603]
[I 260315 13:20 trainer_immunogenicity:113] Epoch: 2 - Loss: IMM 0.19083  - Valid-AUC:0.8605  -- Test: [AUC-Group: 0.8598 - AUC-All: 0.8696]
[I 260315 13:20 trainer_immunogenicity:113] Epoch: 3 - Loss: IMM 0.17924  - Valid-AUC:0.8613  -- Test: [AUC-Group: 0.8689 - AUC-All: 0.8737]
[I 260315 13:20 trainer_immunogenicity:113] Epoch: 4 - Loss: IMM 0.17006  - Valid-AUC:0.8606  -- Test: [AUC-Group: 0.8714 - AUC-All: 0.8776]
[I 260315 13:20 trainer_immunogenicity:113] Epoch: 5 - Loss: IMM 0.16125  - Valid-AUC:0.8592  -- Test: [AUC-Group: 0.8665 - AUC-All: 0.8749]
[I 260315 13:20 trainer_immunogenicity:113] Epoch: 6 - Loss: IMM 0.15310  - Valid-AUC:0.8590  -- Test: [AUC-Group: 0.8646 - AUC-All: 0.8749]
[I 260315 13:21 trainer_immunogenicity:113] Epoch: 7 - Loss: IMM 0.14766  - Valid-AUC:0.8569  -- Test: [AUC-Group: 0.8727 - AUC-All: 0.8738]
[I 260315 13:21 trainer_immunogenicity:113] Epoch: 8 - Loss: IMM 0.14250  - Valid-AUC:0.8665  -- Test: [AUC-Group: 0.8675 - AUC-All: 0.8742]
[I 260315 13:21 trainer_immunogenicity:113] Epoch: 9 - Loss: IMM 0.13724  - Valid-AUC:0.8650  -- Test: [AUC-Group: 0.8763 - AUC-All: 0.8789]
[I 260315 13:21 trainer_immunogenicity:113] Epoch: 10 - Loss: IMM 0.13296  - Valid-AUC:0.8568  -- Test: [AUC-Group: 0.8733 - AUC-All: 0.8753]
[I 260315 13:21 trainer_immunogenicity:113] Epoch: 11 - Loss: IMM 0.12931  - Valid-AUC:0.8646  -- Test: [AUC-Group: 0.8821 - AUC-All: 0.8811]
[I 260315 13:22 trainer_immunogenicity:113] Epoch: 12 - Loss: IMM 0.12586  - Valid-AUC:0.8570  -- Test: [AUC-Group: 0.8750 - AUC-All: 0.8727]
[I 260315 13:22 trainer_immunogenicity:113] Epoch: 13 - Loss: IMM 0.12167  - Valid-AUC:0.8562  -- Test: [AUC-Group: 0.8795 - AUC-All: 0.8815]
[I 260315 13:22 trainer_immunogenicity:113] Epoch: 14 - Loss: IMM 0.11707  - Valid-AUC:0.8582  -- Test: [AUC-Group: 0.8829 - AUC-All: 0.8789]
[I 260315 13:22 trainer_immunogenicity:113] Epoch: 15 - Loss: IMM 0.11448  - Valid-AUC:0.8552  -- Test: [AUC-Group: 0.8831 - AUC-All: 0.8777]
[I 260315 13:22 trainer_immunogenicity:113] Epoch: 16 - Loss: IMM 0.11310  - Valid-AUC:0.8572  -- Test: [AUC-Group: 0.8719 - AUC-All: 0.8735]
[I 260315 13:23 trainer_immunogenicity:113] Epoch: 17 - Loss: IMM 0.10910  - Valid-AUC:0.8559  -- Test: [AUC-Group: 0.8787 - AUC-All: 0.8805]
[I 260315 13:23 trainer_immunogenicity:113] Epoch: 18 - Loss: IMM 0.10856  - Valid-AUC:0.8537  -- Test: [AUC-Group: 0.8773 - AUC-All: 0.8789]
[I 260315 13:23 trainer_immunogenicity:113] Epoch: 19 - Loss: IMM 0.10506  - Valid-AUC:0.8505  -- Test: [AUC-Group: 0.8759 - AUC-All: 0.8768]
[I 260315 13:23 trainer_immunogenicity:118] Best IMM Epoch: 8 
[I 260315 13:23 main_immunogenicity_train:38] Finish training model weights/IM/ImmuScope-IM-8.pt
[I 260315 13:23 trainer_immunogenicity:84] ==== Model loaded from weights/IM/ImmuScope-IM-8.pt ====
[I 260315 13:23 main_immunogenicity_train:76] |**TEST: AUC_GROUP: 0.8675**|
[I 260315 13:23 main_immunogenicity_train:77] |**TEST: AUC_ALL: 0.8742**|
[I 260315 13:23 main_immunogenicity_train:20] Start training model weights/IM/ImmuScope-IM-9.pt
[I 260315 13:23 trainer_immunogenicity:84] ==== Model loaded from weights/EL/ImmuScope-EL-9-fine-tune-b.pt ====
[I 260315 13:23 trainer_immunogenicity:113] Epoch: 0 - Loss: IMM 0.23185  - Valid-AUC:0.8355  -- Test: [AUC-Group: 0.8300 - AUC-All: 0.8425]
[I 260315 13:23 trainer_immunogenicity:113] Epoch: 1 - Loss: IMM 0.20608  - Valid-AUC:0.8533  -- Test: [AUC-Group: 0.8491 - AUC-All: 0.8581]
[I 260315 13:24 trainer_immunogenicity:113] Epoch: 2 - Loss: IMM 0.19107  - Valid-AUC:0.8569  -- Test: [AUC-Group: 0.8632 - AUC-All: 0.8673]
[I 260315 13:24 trainer_immunogenicity:113] Epoch: 3 - Loss: IMM 0.17961  - Valid-AUC:0.8645  -- Test: [AUC-Group: 0.8650 - AUC-All: 0.8701]
[I 260315 13:24 trainer_immunogenicity:113] Epoch: 4 - Loss: IMM 0.17045  - Valid-AUC:0.8611  -- Test: [AUC-Group: 0.8676 - AUC-All: 0.8716]
[I 260315 13:24 trainer_immunogenicity:113] Epoch: 5 - Loss: IMM 0.16121  - Valid-AUC:0.8707  -- Test: [AUC-Group: 0.8700 - AUC-All: 0.8769]
[I 260315 13:24 trainer_immunogenicity:113] Epoch: 6 - Loss: IMM 0.15612  - Valid-AUC:0.8570  -- Test: [AUC-Group: 0.8681 - AUC-All: 0.8744]
[I 260315 13:25 trainer_immunogenicity:113] Epoch: 7 - Loss: IMM 0.14837  - Valid-AUC:0.8649  -- Test: [AUC-Group: 0.8700 - AUC-All: 0.8776]
[I 260315 13:25 trainer_immunogenicity:113] Epoch: 8 - Loss: IMM 0.14418  - Valid-AUC:0.8664  -- Test: [AUC-Group: 0.8690 - AUC-All: 0.8758]
[I 260315 13:25 trainer_immunogenicity:113] Epoch: 9 - Loss: IMM 0.13668  - Valid-AUC:0.8596  -- Test: [AUC-Group: 0.8749 - AUC-All: 0.8761]
[I 260315 13:25 trainer_immunogenicity:113] Epoch: 10 - Loss: IMM 0.13479  - Valid-AUC:0.8555  -- Test: [AUC-Group: 0.8752 - AUC-All: 0.8771]
[I 260315 13:25 trainer_immunogenicity:113] Epoch: 11 - Loss: IMM 0.12973  - Valid-AUC:0.8589  -- Test: [AUC-Group: 0.8701 - AUC-All: 0.8741]
[I 260315 13:26 trainer_immunogenicity:113] Epoch: 12 - Loss: IMM 0.12480  - Valid-AUC:0.8590  -- Test: [AUC-Group: 0.8748 - AUC-All: 0.8741]
[I 260315 13:26 trainer_immunogenicity:113] Epoch: 13 - Loss: IMM 0.12080  - Valid-AUC:0.8640  -- Test: [AUC-Group: 0.8769 - AUC-All: 0.8790]
[I 260315 13:26 trainer_immunogenicity:113] Epoch: 14 - Loss: IMM 0.11828  - Valid-AUC:0.8601  -- Test: [AUC-Group: 0.8753 - AUC-All: 0.8766]
[I 260315 13:26 trainer_immunogenicity:113] Epoch: 15 - Loss: IMM 0.11431  - Valid-AUC:0.8512  -- Test: [AUC-Group: 0.8632 - AUC-All: 0.8718]
[I 260315 13:26 trainer_immunogenicity:113] Epoch: 16 - Loss: IMM 0.11317  - Valid-AUC:0.8521  -- Test: [AUC-Group: 0.8671 - AUC-All: 0.8721]
[I 260315 13:27 trainer_immunogenicity:113] Epoch: 17 - Loss: IMM 0.11109  - Valid-AUC:0.8543  -- Test: [AUC-Group: 0.8692 - AUC-All: 0.8761]
[I 260315 13:27 trainer_immunogenicity:113] Epoch: 18 - Loss: IMM 0.10699  - Valid-AUC:0.8568  -- Test: [AUC-Group: 0.8719 - AUC-All: 0.8740]
[I 260315 13:27 trainer_immunogenicity:113] Epoch: 19 - Loss: IMM 0.10423  - Valid-AUC:0.8592  -- Test: [AUC-Group: 0.8569 - AUC-All: 0.8708]
[I 260315 13:27 trainer_immunogenicity:118] Best IMM Epoch: 5 
[I 260315 13:27 main_immunogenicity_train:38] Finish training model weights/IM/ImmuScope-IM-9.pt
[I 260315 13:27 trainer_immunogenicity:84] ==== Model loaded from weights/IM/ImmuScope-IM-9.pt ====
[I 260315 13:27 main_immunogenicity_train:76] |**TEST: AUC_GROUP: 0.8700**|
[I 260315 13:27 main_immunogenicity_train:77] |**TEST: AUC_ALL: 0.8769**|
[I 260315 13:27 main_immunogenicity_train:88] -----------------Average-----------------
[I 260315 13:27 main_immunogenicity_train:99] |**========== TEST: AUC_GROUP: 0.9071 =========**|
[I 260315 13:27 main_immunogenicity_train:100] |**========== TEST: AUC_ALL: 0.9090 =========**|
